
Running 3 tests using 3 workers

[1A[2K[1/3] [chromium] › login.spec.ts:3:1 › Login with valid credentials
[1A[2K[2/3] [firefox] › login.spec.ts:3:1 › Login with valid credentials
[1A[2K[3/3] [webkit] › login.spec.ts:3:1 › Login with valid credentials
[1A[2K  3 passed (19.3s)

To open last HTML report run:

  npx playwright show-report

